listening for connections on port 9008UDP listening on port 9009
[NET] HTTP_NODES
[NET] PROVIDE_MASTER_IP
[RECEPTIONIST] Waiting for controller's IP reply on port 9009 via message queue...
[RECEPTIONIST] HELLO sent: uuid=019603a0-9471-4395-bdc0-a0e22d0bc0d4

--- [RECEPTIONIST] Controller IP Received ---
Message Type: HELLO
Controller IP: 192.168.30.7
[RECEPTIONIST] Started
listening for connections on port 9010[RECEPTIONIST] HTTP server listening on port 9010
[RECEPTIONIST] Master IP updated to NONE:0
[NET] PROVIDE_MASTER_IP
[NET] PROVIDE_MASTER_IP
[NET] HTTP_NODES
[NET] PROVIDE_MASTER_IP
[NET] PROVIDE_MASTER_IP
[NET] PROVIDE_MASTER_IP
[NET] PROVIDE_MASTER_IP
[NET] PROVIDE_MASTER_IP
[NET] HTTP_NODES
[NET] HTTP_NODES
[NET] HTTP_NODES
[NET] PROVIDE_MASTER_IP
[NET] HTTP_NODES
[NET] PROVIDE_MASTER_IP
[NET] PROVIDE_MASTER_IP
[NET] HTTP_NODES
[NET] HTTP_NODES
[NET] PROVIDE_MASTER_IP
[NET] HTTP_NODES
[NET] PROVIDE_MASTER_IP
[NET] PROVIDE_MASTER_IP
[NET] HTTP_NODES
[NET] PROVIDE_MASTER_IP
[RECEPTIONIST] Master IP updated to 192.168.30.43:9000
[NET] PROVIDE_MASTER_IP
[NET] HTTP_NODES
[NET] PROVIDE_MASTER_IP
[NET] HTTP_NODES
[NET] PROVIDE_MASTER_IP
[NET] PROVIDE_MASTER_IP
[NET] HTTP_NODES
[NET] PROVIDE_MASTER_IP
[NET] HTTP_NODES
[NET] HTTP_NODES
[NET] PROVIDE_MASTER_IP
[NET] PROVIDE_MASTER_IP
[NET] HTTP_NODES
[NET] PROVIDE_MASTER_IP
[NET] PROVIDE_MASTER_IP
[NET] HTTP_NODES
[NET] PROVIDE_MASTER_IP
[NET] HTTP_NODES
[NET] PROVIDE_MASTER_IP
[NET] PROVIDE_MASTER_IP
[NET] HTTP_NODES
[NET] PROVIDE_MASTER_IP
[NET] HTTP_NODES
[NET] PROVIDE_MASTER_IP
[NET] PROVIDE_MASTER_IP
[NET] HTTP_NODES
[NET] PROVIDE_MASTER_IP
[NET] PROVIDE_MASTER_IP
[NET] HTTP_NODES
[NET] PROVIDE_MASTER_IP
[NET] HTTP_NODES
[NET] PROVIDE_MASTER_IP
[NET] PROVIDE_MASTER_IP
[NET] HTTP_NODES
[NET] PROVIDE_MASTER_IP
[NET] HTTP_NODES
[NET] PROVIDE_MASTER_IP
[NET] PROVIDE_MASTER_IP
[NET] HTTP_NODES
[NET] PROVIDE_MASTER_IP
[NET] PROVIDE_MASTER_IP
[NET] HTTP_NODES
[NET] PROVIDE_MASTER_IP
[NET] HTTP_NODES
[NET] PROVIDE_MASTER_IP
[NET] PROVIDE_MASTER_IP
[NET] HTTP_NODES
[NET] PROVIDE_MASTER_IP
[NET] HTTP_NODES
[NET] PROVIDE_MASTER_IP
[NET] PROVIDE_MASTER_IP
[NET] HTTP_NODES
[NET] PROVIDE_MASTER_IP
[NET] PROVIDE_MASTER_IP
[NET] HTTP_NODES
[NET] HTTP_NODES
[NET] PROVIDE_MASTER_IP
[NET] HTTP_NODES
[NET] PROVIDE_MASTER_IP
[NET] PROVIDE_MASTER_IP
[NET] HTTP_NODES
[NET] HTTP_NODES
[NET] PROVIDE_MASTER_IP
[NET] HTTP_NODES
[NET] PROVIDE_MASTER_IP
[NET] PROVIDE_MASTER_IP
[NET] HTTP_NODES
[NET] PROVIDE_MASTER_IP
[NET] PROVIDE_MASTER_IP
[NET] HTTP_NODES
[NET] PROVIDE_MASTER_IP
[NET] HTTP_NODES
[NET] PROVIDE_MASTER_IP
[RECEPTIONIST] Forwarding '056a3801-15a7-4474-82ad-668368e1e3e9.c' to master at 192.168.30.43:9000
[NET] PROVIDE_MASTER_IP
[NET] HTTP_NODES
[NET] PROVIDE_MASTER_IP
[NET] HTTP_NODES
[NET] PROVIDE_MASTER_IP
[NET] PROVIDE_MASTER_IP
[NET] HTTP_NODES
[NET] PROVIDE_MASTER_IP
[NET] PROVIDE_MASTER_IP
[NET] HTTP_NODES
[NET] PROVIDE_MASTER_IP
[NET] HTTP_NODES
[NET] PROVIDE_MASTER_IP
[NET] PROVIDE_MASTER_IP
[NET] HTTP_NODES
[NET] PROVIDE_MASTER_IP
[NET] HTTP_NODES
[NET] PROVIDE_MASTER_IP
[NET] PROVIDE_MASTER_IP
[NET] HTTP_NODES
[NET] PROVIDE_MASTER_IP
[NET] PROVIDE_MASTER_IP
[NET] HTTP_NODES
[NET] PROVIDE_MASTER_IP
[NET] HTTP_NODES
[NET] PROVIDE_MASTER_IP
[NET] PROVIDE_MASTER_IP
[NET] HTTP_NODES
[NET] PROVIDE_MASTER_IP
[NET] HTTP_NODELOG
[NET] HTTP_NODELOG
[NET] HTTP_NODES
[NET] PROVIDE_MASTER_IP
[NET] PROVIDE_MASTER_IP
[NET] HTTP_NODES
[NET] PROVIDE_MASTER_IP
[NET] PROVIDE_MASTER_IP
[NET] HTTP_NODES
[NET] PROVIDE_MASTER_IP
[NET] HTTP_NODES
[NET] PROVIDE_MASTER_IP
[NET] PROVIDE_MASTER_IP
[NET] HTTP_NODES
[NET] PROVIDE_MASTER_IP
[NET] PROVIDE_MASTER_IP
[NET] HTTP_NODES
[NET] PROVIDE_MASTER_IP
[NET] HTTP_NODES
[NET] PROVIDE_MASTER_IP
[NET] PROVIDE_MASTER_IP
[NET] HTTP_NODES
[NET] PROVIDE_MASTER_IP
[NET] PROG_LOG
[RECEPTIONIST] Log received for '056a3801-15a7-4474-82ad-668368e1e3e9.c' (11 bytes, OK) -> logs/056a3801-15a7-4474-82ad-668368e1e3e9.c.log
[NET] HTTP_NODES
[NET] PROVIDE_MASTER_IP
[NET] PROVIDE_MASTER_IP
[NET] HTTP_NODES
[NET] PROVIDE_MASTER_IP
[NET] PROVIDE_MASTER_IP
[NET] HTTP_NODES
[NET] PROVIDE_MASTER_IP
[NET] HTTP_NODES
[NET] PROVIDE_MASTER_IP
[NET] PROVIDE_MASTER_IP
[NET] HTTP_NODES
[NET] PROVIDE_MASTER_IP
[NET] HTTP_NODES
[NET] PROVIDE_MASTER_IP
[NET] PROVIDE_MASTER_IP
[NET] HTTP_NODES
[NET] PROVIDE_MASTER_IP
[NET] PROVIDE_MASTER_IP
[NET] HTTP_NODES
[NET] PROVIDE_MASTER_IP
[NET] HTTP_NODES
[NET] PROVIDE_MASTER_IP
[NET] PROVIDE_MASTER_IP
[NET] HTTP_NODES
[NET] PROVIDE_MASTER_IP
[NET] HTTP_NODES
[NET] PROVIDE_MASTER_IP
[NET] PROVIDE_MASTER_IP
[NET] HTTP_NODES
[NET] PROVIDE_MASTER_IP
[NET] PROVIDE_MASTER_IP
[NET] HTTP_NODES
[NET] PROVIDE_MASTER_IP
[NET] HTTP_NODES
[NET] PROVIDE_MASTER_IP
[NET] PROVIDE_MASTER_IP
[NET] HTTP_NODES
[NET] PROVIDE_MASTER_IP
[NET] HTTP_NODES
[NET] PROVIDE_MASTER_IP
[NET] PROVIDE_MASTER_IP
[NET] HTTP_NODES
[NET] PROVIDE_MASTER_IP
[NET] PROVIDE_MASTER_IP
[NET] HTTP_NODES
[NET] PROVIDE_MASTER_IP
[NET] HTTP_NODES
[NET] PROVIDE_MASTER_IP
[NET] PROVIDE_MASTER_IP
[NET] HTTP_NODES
[NET] PROVIDE_MASTER_IP
[NET] HTTP_NODES
[NET] PROVIDE_MASTER_IP
[NET] PROVIDE_MASTER_IP
[NET] HTTP_NODES
[NET] PROVIDE_MASTER_IP
[NET] PROVIDE_MASTER_IP
[NET] HTTP_NODES
[NET] PROVIDE_MASTER_IP
[NET] HTTP_NODES
[NET] PROVIDE_MASTER_IP
[NET] PROVIDE_MASTER_IP
[NET] HTTP_NODES
[NET] PROVIDE_MASTER_IP
[NET] HTTP_NODES
[NET] PROVIDE_MASTER_IP
[NET] PROVIDE_MASTER_IP
[NET] HTTP_NODES
[NET] PROVIDE_MASTER_IP
[NET] PROVIDE_MASTER_IP
[NET] HTTP_NODES
[NET] PROVIDE_MASTER_IP
[NET] HTTP_NODES
[NET] PROVIDE_MASTER_IP
[NET] PROVIDE_MASTER_IP
[NET] HTTP_NODES
[NET] PROVIDE_MASTER_IP
[NET] HTTP_NODES
[NET] PROVIDE_MASTER_IP
[NET] PROVIDE_MASTER_IP
[NET] HTTP_NODES
[NET] PROVIDE_MASTER_IP
[NET] PROVIDE_MASTER_IP
[NET] HTTP_NODES
[NET] PROVIDE_MASTER_IP
[NET] HTTP_NODES
[NET] PROVIDE_MASTER_IP
[NET] PROVIDE_MASTER_IP
[NET] HTTP_NODES
[NET] PROVIDE_MASTER_IP
[NET] HTTP_NODES
[NET] PROVIDE_MASTER_IP
[NET] PROVIDE_MASTER_IP
[NET] HTTP_NODES
[NET] PROVIDE_MASTER_IP
[NET] PROVIDE_MASTER_IP
[NET] HTTP_NODES
[NET] PROVIDE_MASTER_IP
[NET] HTTP_NODES
[NET] PROVIDE_MASTER_IP
[NET] PROVIDE_MASTER_IP
[NET] HTTP_NODES
[NET] PROVIDE_MASTER_IP
[NET] HTTP_NODES
[NET] PROVIDE_MASTER_IP
[NET] HTTP_NODES
[NET] PROVIDE_MASTER_IP
[NET] HTTP_NODES
[NET] PROVIDE_MASTER_IP
[NET] PROVIDE_MASTER_IP
[NET] HTTP_NODES
[NET] PROVIDE_MASTER_IP
[RECEPTIONIST] Forwarding '5d4f440a-d079-446e-b3df-10a0e74a90ed.c' to master at 192.168.30.43:9000
[NET] HTTP_NODES
[NET] PROVIDE_MASTER_IP
[NET] PROVIDE_MASTER_IP
[NET] HTTP_NODES
[NET] PROVIDE_MASTER_IP
[NET] HTTP_NODES
[NET] PROVIDE_MASTER_IP
[NET] PROVIDE_MASTER_IP
[NET] HTTP_NODES
[NET] PROVIDE_MASTER_IP
[NET] PROVIDE_MASTER_IP
[NET] HTTP_NODES
[NET] PROVIDE_MASTER_IP
[NET] HTTP_NODES
[NET] PROVIDE_MASTER_IP
[NET] PROVIDE_MASTER_IP
[NET] HTTP_NODES
[NET] PROVIDE_MASTER_IP
[NET] HTTP_NODES
[NET] PROVIDE_MASTER_IP
[NET] PROVIDE_MASTER_IP
[NET] HTTP_NODES
[NET] PROVIDE_MASTER_IP
[NET] PROG_LOG
[RECEPTIONIST] Log received for '5d4f440a-d079-446e-b3df-10a0e74a90ed.c' (0 bytes, OK) -> logs/5d4f440a-d079-446e-b3df-10a0e74a90ed.c.log
[NET] PROVIDE_MASTER_IP
[NET] HTTP_NODES
[NET] PROVIDE_MASTER_IP
[NET] HTTP_NODES
[NET] PROVIDE_MASTER_IP
[NET] PROVIDE_MASTER_IP
[NET] HTTP_NODES
[NET] PROVIDE_MASTER_IP
[NET] PROVIDE_MASTER_IP
[NET] HTTP_NODES
[NET] PROVIDE_MASTER_IP
[NET] HTTP_NODES
[NET] PROVIDE_MASTER_IP
[NET] PROVIDE_MASTER_IP
[NET] HTTP_NODES
[NET] PROVIDE_MASTER_IP
[NET] HTTP_NODES
[NET] PROVIDE_MASTER_IP
[NET] PROVIDE_MASTER_IP
[NET] HTTP_NODES
[NET] PROVIDE_MASTER_IP
[NET] PROVIDE_MASTER_IP
[NET] HTTP_NODES
[NET] PROVIDE_MASTER_IP
[NET] HTTP_NODES
[NET] PROVIDE_MASTER_IP
[NET] PROVIDE_MASTER_IP
[NET] HTTP_NODES
[NET] PROVIDE_MASTER_IP
[NET] HTTP_NODES
[NET] PROVIDE_MASTER_IP
[NET] PROVIDE_MASTER_IP
[NET] HTTP_NODES
[NET] PROVIDE_MASTER_IP
[NET] PROVIDE_MASTER_IP
[NET] HTTP_NODES
[NET] PROVIDE_MASTER_IP
[NET] HTTP_NODES
[NET] PROVIDE_MASTER_IP
[NET] PROVIDE_MASTER_IP
[NET] HTTP_NODES
[NET] PROVIDE_MASTER_IP
[NET] HTTP_NODES
[NET] PROVIDE_MASTER_IP
[NET] PROVIDE_MASTER_IP
[NET] HTTP_NODES
[NET] PROVIDE_MASTER_IP
[NET] PROVIDE_MASTER_IP
[NET] HTTP_NODES
[NET] PROVIDE_MASTER_IP
[NET] HTTP_NODES
[NET] PROVIDE_MASTER_IP
[NET] PROVIDE_MASTER_IP
[NET] HTTP_NODES
[NET] PROVIDE_MASTER_IP
[NET] HTTP_NODES
[NET] PROVIDE_MASTER_IP
[NET] PROVIDE_MASTER_IP
[NET] HTTP_NODES
[NET] PROVIDE_MASTER_IP
[NET] PROVIDE_MASTER_IP
[NET] HTTP_NODES
[NET] PROVIDE_MASTER_IP
[NET] HTTP_NODES
[NET] PROVIDE_MASTER_IP
[NET] PROVIDE_MASTER_IP
[NET] HTTP_NODES
[NET] PROVIDE_MASTER_IP
[NET] HTTP_NODES
[NET] PROVIDE_MASTER_IP
[NET] PROVIDE_MASTER_IP
[NET] HTTP_NODES
[NET] PROVIDE_MASTER_IP
[NET] PROVIDE_MASTER_IP
[NET] HTTP_NODES
[NET] PROVIDE_MASTER_IP
[NET] HTTP_NODES
[NET] PROVIDE_MASTER_IP
[NET] PROVIDE_MASTER_IP
[NET] HTTP_NODES
[NET] PROVIDE_MASTER_IP
[NET] HTTP_NODES
[NET] PROVIDE_MASTER_IP
[NET] PROVIDE_MASTER_IP
[NET] HTTP_NODES
[NET] PROVIDE_MASTER_IP
[NET] PROVIDE_MASTER_IP
[NET] HTTP_NODES
[NET] PROVIDE_MASTER_IP
[NET] HTTP_NODES
[NET] PROVIDE_MASTER_IP
[NET] PROVIDE_MASTER_IP
[NET] HTTP_NODES
[NET] PROVIDE_MASTER_IP
[NET] HTTP_NODES
[NET] PROVIDE_MASTER_IP
[NET] PROVIDE_MASTER_IP
[NET] HTTP_NODES
[NET] HTTP_NODES
[NET] PROVIDE_MASTER_IP
[RECEPTIONIST] Forwarding '7c2372e5-d4c5-4349-954a-40ad7262cea3.c' to master at 192.168.30.43:9000
[NET] PROVIDE_MASTER_IP
[NET] HTTP_NODES
[NET] PROVIDE_MASTER_IP
[NET] HTTP_NODES
[NET] PROVIDE_MASTER_IP
[NET] PROVIDE_MASTER_IP
[NET] HTTP_NODES
[NET] PROVIDE_MASTER_IP
[NET] HTTP_NODES
[NET] PROVIDE_MASTER_IP
[NET] PROVIDE_MASTER_IP
[NET] HTTP_NODES
[NET] PROVIDE_MASTER_IP
[NET] PROVIDE_MASTER_IP
[NET] HTTP_NODES
[NET] PROVIDE_MASTER_IP
[NET] HTTP_NODES
[NET] PROVIDE_MASTER_IP
[NET] PROVIDE_MASTER_IP
[NET] HTTP_NODES
[NET] PROVIDE_MASTER_IP
[NET] HTTP_NODES
[NET] PROVIDE_MASTER_IP
[NET] PROG_LOG
[RECEPTIONIST] Log received for '7c2372e5-d4c5-4349-954a-40ad7262cea3.c' (0 bytes, OK) -> logs/7c2372e5-d4c5-4349-954a-40ad7262cea3.c.log
[NET] PROVIDE_MASTER_IP
[NET] HTTP_NODES
[NET] PROVIDE_MASTER_IP
[NET] PROVIDE_MASTER_IP
[NET] HTTP_NODES
[NET] PROVIDE_MASTER_IP
[NET] HTTP_NODES
[NET] PROVIDE_MASTER_IP
[NET] PROVIDE_MASTER_IP
[NET] HTTP_NODES
[NET] PROVIDE_MASTER_IP
[NET] HTTP_NODES
[NET] PROVIDE_MASTER_IP
[NET] PROVIDE_MASTER_IP
[NET] HTTP_NODES
[NET] HTTP_NODES
[NET] PROVIDE_MASTER_IP
[RECEPTIONIST] Forwarding 'e373f3bc-595f-47a3-9915-66f2a7cff285.c' to master at 192.168.30.43:9000
[NET] PROVIDE_MASTER_IP
[NET] HTTP_NODES
[NET] PROVIDE_MASTER_IP
[NET] HTTP_NODES
[NET] PROVIDE_MASTER_IP
[NET] PROVIDE_MASTER_IP
[NET] HTTP_NODES
[NET] PROVIDE_MASTER_IP
[NET] HTTP_NODES
[NET] PROVIDE_MASTER_IP
[NET] PROVIDE_MASTER_IP
[NET] HTTP_NODES
[NET] PROVIDE_MASTER_IP
[NET] PROVIDE_MASTER_IP
[NET] HTTP_NODES
[NET] PROVIDE_MASTER_IP
[NET] HTTP_NODES
[NET] PROVIDE_MASTER_IP
[NET] PROVIDE_MASTER_IP
[NET] HTTP_NODES
[NET] PROVIDE_MASTER_IP
[NET] HTTP_NODES
[NET] PROVIDE_MASTER_IP
[NET] PROVIDE_MASTER_IP
[NET] HTTP_NODES
[NET] PROVIDE_MASTER_IP
[NET] PROVIDE_MASTER_IP
[NET] HTTP_NODES
[NET] PROVIDE_MASTER_IP
[NET] HTTP_NODES
[NET] PROVIDE_MASTER_IP
[NET] PROVIDE_MASTER_IP
[NET] HTTP_NODES
[NET] PROVIDE_MASTER_IP
[NET] PROVIDE_MASTER_IP
[NET] HTTP_NODES
[NET] PROVIDE_MASTER_IP
[NET] HTTP_NODES
[NET] PROVIDE_MASTER_IP
[NET] PROVIDE_MASTER_IP
[NET] HTTP_NODES
[NET] PROVIDE_MASTER_IP
[NET] HTTP_NODES
[NET] PROVIDE_MASTER_IP
[NET] PROVIDE_MASTER_IP
[NET] HTTP_NODES
[NET] PROVIDE_MASTER_IP
[NET] HTTP_NODES
[NET] PROVIDE_MASTER_IP
[NET] PROVIDE_MASTER_IP
[NET] HTTP_NODES
[NET] PROVIDE_MASTER_IP
[NET] HTTP_NODELOG
[NET] PROVIDE_MASTER_IP
[NET] HTTP_NODES
[NET] PROVIDE_MASTER_IP
[NET] HTTP_NODES
[NET] PROVIDE_MASTER_IP
[NET] PROVIDE_MASTER_IP
[NET] HTTP_NODES
[NET] PROVIDE_MASTER_IP
[NET] PROVIDE_MASTER_IP
[NET] HTTP_NODES
[NET] PROVIDE_MASTER_IP
[NET] HTTP_NODES
[NET] PROVIDE_MASTER_IP
[NET] PROG_LOG
[RECEPTIONIST] Log received for 'e373f3bc-595f-47a3-9915-66f2a7cff285.c' (0 bytes, OK) -> logs/e373f3bc-595f-47a3-9915-66f2a7cff285.c.log
[NET] PROVIDE_MASTER_IP
[NET] HTTP_NODES
[NET] PROVIDE_MASTER_IP
[NET] HTTP_NODES
[NET] PROVIDE_MASTER_IP
[NET] PROVIDE_MASTER_IP
[NET] HTTP_NODES
[NET] PROVIDE_MASTER_IP
[NET] PROVIDE_MASTER_IP
[NET] HTTP_NODES
[NET] PROVIDE_MASTER_IP
[NET] HTTP_NODES
[NET] PROVIDE_MASTER_IP
[NET] PROVIDE_MASTER_IP
[NET] HTTP_NODES
[NET] PROVIDE_MASTER_IP
[NET] HTTP_NODES
[NET] PROVIDE_MASTER_IP
[NET] PROVIDE_MASTER_IP
[NET] HTTP_NODES
[NET] PROVIDE_MASTER_IP
[NET] PROVIDE_MASTER_IP
[NET] HTTP_NODES
[NET] PROVIDE_MASTER_IP
[NET] HTTP_NODES
[NET] PROVIDE_MASTER_IP
[NET] PROVIDE_MASTER_IP
[NET] HTTP_NODES
[NET] PROVIDE_MASTER_IP
[NET] HTTP_NODES
[NET] PROVIDE_MASTER_IP
[NET] PROVIDE_MASTER_IP
[NET] HTTP_NODES
[NET] PROVIDE_MASTER_IP
[NET] PROVIDE_MASTER_IP
[NET] HTTP_NODES
[NET] PROVIDE_MASTER_IP
[NET] HTTP_NODES
[NET] PROVIDE_MASTER_IP
[NET] PROVIDE_MASTER_IP
[NET] HTTP_NODES
[NET] PROVIDE_MASTER_IP
[NET] HTTP_NODES
[NET] PROVIDE_MASTER_IP
[NET] PROVIDE_MASTER_IP
[NET] HTTP_NODES
[NET] PROVIDE_MASTER_IP
[NET] PROVIDE_MASTER_IP
[NET] HTTP_NODES
[NET] PROVIDE_MASTER_IP
[NET] HTTP_NODES
[NET] PROVIDE_MASTER_IP
[NET] PROVIDE_MASTER_IP
[NET] HTTP_NODES
[NET] PROVIDE_MASTER_IP
[NET] HTTP_NODES
[NET] PROVIDE_MASTER_IP
[NET] PROVIDE_MASTER_IP
[NET] HTTP_NODES
[NET] PROVIDE_MASTER_IP
[NET] PROVIDE_MASTER_IP
[NET] HTTP_NODES
[NET] PROVIDE_MASTER_IP
[NET] HTTP_NODES
[NET] PROVIDE_MASTER_IP
[NET] PROVIDE_MASTER_IP
[NET] HTTP_NODES
[NET] PROVIDE_MASTER_IP
[NET] HTTP_NODES
[NET] PROVIDE_MASTER_IP
[NET] PROVIDE_MASTER_IP
[NET] HTTP_NODES
[NET] PROVIDE_MASTER_IP
[NET] PROVIDE_MASTER_IP
[NET] HTTP_NODES
[NET] PROVIDE_MASTER_IP
[NET] HTTP_NODES
[NET] PROVIDE_MASTER_IP
[NET] PROVIDE_MASTER_IP
[NET] HTTP_NODES
[NET] PROVIDE_MASTER_IP
[NET] HTTP_NODES
[NET] PROVIDE_MASTER_IP
[NET] HTTP_NODES
[NET] PROVIDE_MASTER_IP
[NET] HTTP_NODES
[NET] PROVIDE_MASTER_IP
[NET] PROVIDE_MASTER_IP
[NET] HTTP_NODES
[RECEPTIONIST] Forwarding 'dc84d162-cc94-402b-863a-8fe008d27053.c' to master at 192.168.30.43:9000
[NET] PROVIDE_MASTER_IP
[NET] HTTP_NODES
[NET] PROVIDE_MASTER_IP
[NET] PROVIDE_MASTER_IP
[NET] HTTP_NODES
[NET] PROVIDE_MASTER_IP
[NET] HTTP_NODES
[NET] PROVIDE_MASTER_IP
[NET] PROVIDE_MASTER_IP
[NET] HTTP_NODES
[NET] PROVIDE_MASTER_IP
[NET] PROVIDE_MASTER_IP
[NET] HTTP_NODES
[NET] PROVIDE_MASTER_IP
[NET] HTTP_NODES
[NET] PROVIDE_MASTER_IP
[NET] PROVIDE_MASTER_IP
[NET] HTTP_NODES
[NET] PROVIDE_MASTER_IP
[NET] HTTP_NODES
[NET] PROVIDE_MASTER_IP
[NET] PROVIDE_MASTER_IP
[NET] HTTP_NODES
[NET] HTTP_NODELOG
[NET] PROVIDE_MASTER_IP
[NET] PROVIDE_MASTER_IP
[NET] HTTP_NODES
[NET] PROVIDE_MASTER_IP
[NET] HTTP_NODES
[NET] PROVIDE_MASTER_IP
[NET] PROVIDE_MASTER_IP
[NET] HTTP_NODES
[NET] PROVIDE_MASTER_IP
[NET] HTTP_NODES
[NET] PROVIDE_MASTER_IP
[NET] HTTP_NODELOG
[NET] PROVIDE_MASTER_IP
[NET] HTTP_NODES
[NET] PROVIDE_MASTER_IP
[NET] PROVIDE_MASTER_IP
[NET] HTTP_NODES
[NET] PROVIDE_MASTER_IP
[NET] HTTP_NODES
[NET] PROVIDE_MASTER_IP
[NET] PROVIDE_MASTER_IP
[NET] HTTP_NODES
[NET] PROVIDE_MASTER_IP
[NET] PROVIDE_MASTER_IP
[NET] HTTP_NODES
[NET] PROVIDE_MASTER_IP
[NET] PROVIDE_MASTER_IP
[NET] PROVIDE_MASTER_IP
[NET] HTTP_NODES
[NET] HTTP_NODES
[NET] PROVIDE_MASTER_IP
[NET] PROVIDE_MASTER_IP
[NET] HTTP_NODES
[NET] PROVIDE_MASTER_IP
[NET] PROVIDE_MASTER_IP
[NET] PROVIDE_MASTER_IP
[NET] HTTP_NODES
[NET] HTTP_NODES
[RECEPTIONIST] Master IP updated to NONE:0
[NET] PROVIDE_MASTER_IP
[NET] HTTP_NODES
[NET] PROVIDE_MASTER_IP
[NET] PROVIDE_MASTER_IP
[NET] HTTP_NODES
[NET] PROVIDE_MASTER_IP
[NET] HTTP_NODES
[RECEPTIONIST] Master IP updated to 192.168.30.43:9000
[NET] PROVIDE_MASTER_IP
[NET] PROVIDE_MASTER_IP
[NET] HTTP_NODES
[NET] PROVIDE_MASTER_IP
[NET] PROVIDE_MASTER_IP
[NET] HTTP_NODES
[NET] PROVIDE_MASTER_IP
[NET] HTTP_NODES
[NET] PROVIDE_MASTER_IP
[NET] PROVIDE_MASTER_IP
[NET] HTTP_NODES
[NET] PROVIDE_MASTER_IP
[NET] HTTP_NODES
[NET] PROVIDE_MASTER_IP
[NET] PROVIDE_MASTER_IP
[NET] HTTP_NODES
[NET] PROVIDE_MASTER_IP
[NET] PROVIDE_MASTER_IP
[NET] HTTP_NODES
[NET] PROVIDE_MASTER_IP
[NET] HTTP_NODES
[NET] PROVIDE_MASTER_IP
[NET] PROVIDE_MASTER_IP
[NET] HTTP_NODES
[NET] PROVIDE_MASTER_IP
[NET] HTTP_NODES
[NET] PROVIDE_MASTER_IP
[NET] PROVIDE_MASTER_IP
[NET] HTTP_NODES
[NET] PROVIDE_MASTER_IP
[NET] PROVIDE_MASTER_IP
[NET] HTTP_NODES
[NET] PROVIDE_MASTER_IP
[NET] HTTP_NODES
[NET] PROVIDE_MASTER_IP
[NET] PROVIDE_MASTER_IP
[NET] HTTP_NODES
[NET] PROVIDE_MASTER_IP
[NET] HTTP_NODES
[NET] PROVIDE_MASTER_IP
[NET] PROVIDE_MASTER_IP
[NET] HTTP_NODES
[NET] PROVIDE_MASTER_IP
[NET] PROVIDE_MASTER_IP
[NET] HTTP_NODES
[NET] PROVIDE_MASTER_IP
[NET] HTTP_NODES
[NET] PROVIDE_MASTER_IP
[NET] PROVIDE_MASTER_IP
[NET] HTTP_NODES
[NET] PROVIDE_MASTER_IP
[NET] HTTP_NODES
[NET] PROVIDE_MASTER_IP
[NET] PROVIDE_MASTER_IP
[NET] HTTP_NODES
[NET] PROVIDE_MASTER_IP
[NET] PROVIDE_MASTER_IP
[NET] HTTP_NODES
[NET] PROVIDE_MASTER_IP
[NET] HTTP_NODES
[NET] PROVIDE_MASTER_IP
[NET] PROVIDE_MASTER_IP
[NET] HTTP_NODES
[NET] PROVIDE_MASTER_IP
[NET] HTTP_NODES
[NET] PROVIDE_MASTER_IP
[NET] PROVIDE_MASTER_IP
[NET] HTTP_NODES
[NET] PROVIDE_MASTER_IP
[NET] PROVIDE_MASTER_IP
[NET] HTTP_NODES
[NET] PROVIDE_MASTER_IP
[NET] HTTP_NODES
[NET] PROVIDE_MASTER_IP
[NET] PROVIDE_MASTER_IP
[NET] HTTP_NODES
[NET] PROVIDE_MASTER_IP
[NET] HTTP_NODES
[NET] PROVIDE_MASTER_IP
[NET] PROVIDE_MASTER_IP
[NET] HTTP_NODES
[NET] PROVIDE_MASTER_IP
[NET] PROVIDE_MASTER_IP
[NET] HTTP_NODES
[NET] PROVIDE_MASTER_IP
[NET] HTTP_NODES
[NET] PROVIDE_MASTER_IP
[NET] PROVIDE_MASTER_IP
[NET] HTTP_NODES
[NET] PROVIDE_MASTER_IP
[NET] HTTP_NODES
[NET] PROVIDE_MASTER_IP
[NET] PROVIDE_MASTER_IP
[NET] HTTP_NODES
[NET] PROVIDE_MASTER_IP
[NET] PROVIDE_MASTER_IP
[NET] PROVIDE_MASTER_IP
[NET] PROVIDE_MASTER_IP
[NET] PROVIDE_MASTER_IP
[NET] PROVIDE_MASTER_IP
[NET] PROVIDE_MASTER_IP
[NET] PROVIDE_MASTER_IP
[NET] PROVIDE_MASTER_IP
[NET] PROVIDE_MASTER_IP
[NET] PROVIDE_MASTER_IP
[NET] PROVIDE_MASTER_IP
[NET] PROVIDE_MASTER_IP
[NET] PROVIDE_MASTER_IP
[NET] PROVIDE_MASTER_IP
[NET] PROVIDE_MASTER_IP
[NET] PROVIDE_MASTER_IP
[NET] PROVIDE_MASTER_IP
[NET] PROVIDE_MASTER_IP
[NET] PROVIDE_MASTER_IP
[NET] PROVIDE_MASTER_IP
[NET] PROVIDE_MASTER_IP
[NET] PROVIDE_MASTER_IP
[NET] PROVIDE_MASTER_IP
[NET] PROVIDE_MASTER_IP
[NET] PROVIDE_MASTER_IP
[NET] PROVIDE_MASTER_IP
[NET] PROVIDE_MASTER_IP
[NET] PROVIDE_MASTER_IP
[NET] PROVIDE_MASTER_IP
[NET] PROVIDE_MASTER_IP
[NET] PROVIDE_MASTER_IP
[NET] PROVIDE_MASTER_IP
[NET] PROVIDE_MASTER_IP
[NET] PROVIDE_MASTER_IP
[NET] PROVIDE_MASTER_IP
[NET] PROVIDE_MASTER_IP
[NET] PROVIDE_MASTER_IP
[NET] PROVIDE_MASTER_IP
[NET] PROVIDE_MASTER_IP
[NET] PROVIDE_MASTER_IP
[NET] PROVIDE_MASTER_IP
[NET] PROVIDE_MASTER_IP
[NET] PROVIDE_MASTER_IP
[NET] PROVIDE_MASTER_IP
[NET] PROVIDE_MASTER_IP
[NET] PROVIDE_MASTER_IP
[NET] PROVIDE_MASTER_IP
[NET] PROVIDE_MASTER_IP
[NET] PROVIDE_MASTER_IP
[NET] PROVIDE_MASTER_IP
[NET] PROVIDE_MASTER_IP
[NET] PROVIDE_MASTER_IP
[NET] PROVIDE_MASTER_IP
[NET] PROVIDE_MASTER_IP
[NET] PROVIDE_MASTER_IP
[NET] PROVIDE_MASTER_IP
[NET] PROVIDE_MASTER_IP
[NET] PROVIDE_MASTER_IP
[NET] PROVIDE_MASTER_IP
[NET] PROVIDE_MASTER_IP
[NET] PROVIDE_MASTER_IP
[NET] PROVIDE_MASTER_IP
[NET] PROVIDE_MASTER_IP
[NET] PROVIDE_MASTER_IP
[NET] PROVIDE_MASTER_IP
[NET] PROVIDE_MASTER_IP
[NET] PROVIDE_MASTER_IP
[NET] PROVIDE_MASTER_IP
[NET] PROVIDE_MASTER_IP
[NET] PROVIDE_MASTER_IP
[NET] PROVIDE_MASTER_IP
[NET] PROVIDE_MASTER_IP
[NET] PROVIDE_MASTER_IP
[NET] PROVIDE_MASTER_IP
[NET] PROVIDE_MASTER_IP
[NET] PROVIDE_MASTER_IP
[NET] PROVIDE_MASTER_IP
[NET] PROVIDE_MASTER_IP
[NET] PROVIDE_MASTER_IP
[RECEPTIONIST] Master IP updated to NONE:0
[NET] PROVIDE_MASTER_IP
[NET] PROVIDE_MASTER_IP
[NET] PROVIDE_MASTER_IP
[NET] PROVIDE_MASTER_IP
[NET] HTTP_NODES
[NET] PROVIDE_MASTER_IP
[NET] PROVIDE_MASTER_IP
[NET] PROVIDE_MASTER_IP
[NET] PROVIDE_MASTER_IP
[NET] PROVIDE_MASTER_IP
[NET] PROVIDE_MASTER_IP
[RECEPTIONIST] Master IP updated to 192.168.30.43:9000
[NET] PROVIDE_MASTER_IP
[RECEPTIONIST] Forwarding '944c4b8e-51d3-400c-b831-4c4096bf10e2.c' to master at 192.168.30.43:9000
[NET] PROVIDE_MASTER_IP
[NET] PROVIDE_MASTER_IP
[NET] PROVIDE_MASTER_IP
[NET] PROVIDE_MASTER_IP
[NET] PROVIDE_MASTER_IP
[NET] PROVIDE_MASTER_IP
[NET] PROVIDE_MASTER_IP
[NET] PROVIDE_MASTER_IP
[NET] PROVIDE_MASTER_IP
[NET] PROVIDE_MASTER_IP
[NET] PROVIDE_MASTER_IP
[NET] PROVIDE_MASTER_IP
[NET] PROVIDE_MASTER_IP
[NET] PROVIDE_MASTER_IP
[NET] PROVIDE_MASTER_IP
[NET] PROVIDE_MASTER_IP
[NET] PROVIDE_MASTER_IP
[NET] PROVIDE_MASTER_IP
[NET] PROVIDE_MASTER_IP
[NET] PROVIDE_MASTER_IP
[NET] PROVIDE_MASTER_IP
[NET] HTTP_NODELOG
[NET] PROVIDE_MASTER_IP
