[SubmittedProg] Starting distributed sum test...
[MasterExec] Sending NODES query with reply address 192.168.30.43:9000 (queue: u4rBiWc)
[MasterExec] NODES query sent to 192.168.30.7:9000
Deleted queue: u4rBiWc (id=43)
[MasterExec] 1 worker(s) available
[MasterExec] WARNING: requested 2 node(s) but only 1 available — proceeding with 1

=================================
NODE 0 ASSIGNMENT DETAILS
=================================
uuid          : 6d1f53ed-5b18-41c8-bb76-55954f2c5ee1
ip            : 192.168.30.182
cpu usage     : 0.44
ram usage     : 43.60
function      : sum_array_worker
nb chunk bytes: 588
param count   : 2
[Team] Thread tid=0 started  function=sum_array_worker  worker=192.168.30.182
[Team] Serialized param chunk size: 588 bytes, contains 2 params
[Team] Thread tid=0 resuming — sending to worker
[Master] Sent CHCK for '413cf63a-c410-4592-ae3d-f83270405c45' to worker 192.168.30.182:9000
[Master] Waiting for CHCK response on queue vYd6Cu1...
[Master] CHCK response: NONE
Deleted queue: vYd6Cu1 (id=44)
[Team] Program missing on worker, sending source...
[Master] Sent PROG message to worker 192.168.30.182:9000
[Master] Waiting for PROG response on queue WMRUdBQ...
[Master] PROG response: task_mq=JLRKxvr
Deleted queue: WMRUdBQ (id=45)
[Team] Sending task to queue: JLRKxvr
[Master] Sent task (function=sum_array_worker) to queue JLRKxvr
[Master] Waiting for task result on queue oqz4Rh8...
[Master] Task result: 5050
Deleted queue: oqz4Rh8 (id=46)

=================================
AGGREGATED EXECUTION RESULTS
=================================
---------------------------------
FINAL REDUCED RESULT: 5050
=================================

Node 0 partial result: 5050
[SubmittedProg] Done.
