[SubmittedProg] Starting distributed product test...
[MasterExec] Sending NODES query with reply address 192.168.30.43:9000 (queue: Rh1GqCb)
[MasterExec] NODES query sent to 192.168.30.7:9000
Deleted queue: Rh1GqCb (id=47)
[MasterExec] 1 worker(s) available
[MasterExec] WARNING: requested 2 node(s) but only 1 available — proceeding with 1

=================================
NODE 0 ASSIGNMENT DETAILS
=================================
uuid          : 6d1f53ed-5b18-41c8-bb76-55954f2c5ee1
ip            : 192.168.30.182
cpu usage     : 0.44
ram usage     : 43.60
function      : product_array_worker
nb chunk bytes: 228
param count   : 2
[Team] Thread tid=0 started  function=product_array_worker  worker=192.168.30.182
[Team] Serialized param chunk size: 228 bytes, contains 2 params
[Team] Thread tid=0 resuming — sending to worker
[Master] Sent CHCK for '58d950d6-3458-4d42-afd1-d322a30637b2' to worker 192.168.30.182:9000
[Master] Waiting for CHCK response on queue vnw4xpC...
[Master] CHCK response: NONE
Deleted queue: vnw4xpC (id=48)
[Team] Program missing on worker, sending source...
[Master] Sent PROG message to worker 192.168.30.182:9000
[Master] Waiting for PROG response on queue 8Z2c5pW...
[Master] PROG response: task_mq=9IhVI5t
Deleted queue: 8Z2c5pW (id=49)
[Team] Sending task to queue: 9IhVI5t
[Master] Sent task (function=product_array_worker) to queue 9IhVI5t
[Master] Waiting for task result on queue 6GFnB1n...
[Master] Task result: 3628800
Deleted queue: 6GFnB1n (id=50)

=================================
AGGREGATED EXECUTION RESULTS
=================================
---------------------------------
FINAL REDUCED RESULT: 3628800
=================================

Node 0 partial result: 3628800
[SubmittedProg] Done.
