[SubmittedProg] Starting distributed sum test...
[MasterExec] Sending NODES query with reply address 192.168.1.184:9000 (queue: 3zvnNKs)
[MasterExec] NODES query sent to 192.168.1.199:9000
Deleted queue: 3zvnNKs (id=98352)
[MasterExec] 1 worker(s) available
[MasterExec] WARNING: requested 2 node(s) but only 1 available — proceeding with 1

=================================
NODE 0 ASSIGNMENT DETAILS
=================================
uuid          : e3ce58df-0b22-4bf6-8cc9-a5cd6c7a15e9
ip            : 192.168.1.151
cpu usage     : 0.55
ram usage     : 65.19
function      : sum_array_worker
nb chunk bytes: 588
param count   : 2
[Team] Thread tid=0 started  function=sum_array_worker  worker=192.168.1.151
[Team] Serialized param chunk size: 588 bytes, contains 2 params
[Team] Thread tid=0 resuming — sending to worker
[Master] Sent CHCK for '793df1bb-ace5-4743-b7ee-9aa1d0c3d981' to worker 192.168.1.151:9000
[Master] Waiting for CHCK response on queue AOzniju...
[Master] CHCK response: NONE
Deleted queue: AOzniju (id=98353)
[Team] Program missing on worker, sending source...
[Master] Sent PROG message to worker 192.168.1.151:9000
[Master] Waiting for PROG response on queue lg9ygWC...
[Master] PROG response: task_mq=DtaZ8OW
Deleted queue: lg9ygWC (id=98354)
[Team] Sending task to queue: DtaZ8OW
[Master] Sent task (function=sum_array_worker) to queue DtaZ8OW
[Master] Waiting for task result on queue 0ePxGqU...
[Master] Task result: 5050
Deleted queue: 0ePxGqU (id=98355)

=================================
AGGREGATED EXECUTION RESULTS
=================================
---------------------------------
FINAL REDUCED RESULT: 5050
=================================

Node 0 partial result: 5050
[SubmittedProg] Done.
