[INIT] UUID loaded from file: f66b4762-c214-41eb-b0be-9d91b3170b6c
[INIT] Initial role: 3
[THREAD] Network thread started
[THREAD] Monitoring thread started
listening for connections on port 9000UDP listening on port 9001

╔════════════════════════════════════════════════════════════════════╗
║ [SENDING] Message Type: MSG_STATECAPTURE_INIT                                 ║
╚════════════════════════════════════════════════════════════════════╝
  ▼ IDENTITÉ
    • UUID:      f66b4762-c214-41eb-b0be-9d91b3170b6c
    • IP:        192.168.1.184:9000
    • Timestamp: 2026-07-04 04:27:36 (1783135656)
    • Type:      3
    • Role:      3
  ▼ CPU
    • Usage:           29.12%
    • Load Average:    1.93, 2.31, 2.54
    • Cores:           4
    • Threads/Core:    8
    • Frequency:       1313.72 MHz
    • Model:           Intel(R) Core(TM) i7-2820QM CPU @ 2.30GHz
  ▼ MÉMOIRE (RAM)
    • Usage:           81.25%
    • Available:       2976.71 MB
    • Used:            12904 MB
    • Total:           15881 MB
  ▼ DISQUE
    • Usage:           0.00%
    • Used:            543839 MB
    • Total:           599296 MB
    • Mount Point:     /
  ▼ RÉSEAU
    • Bandwidth:       0.00 Mbps
    • Connections:     55
    • Interface:       wlp3s0
  ▼ SYSTÈME
    • Active Processes:    5
    • Context Switch Rate: 0.35/s
    • Uptime:              46305 seconds
    • Is Overloaded:       NO
  ▼ CALCULS
    • Queue Length: 0
    • Score:        0.00
╔════════════════════════════════════════════════════════════════════╗

[MONITORING] MSG_STATECAPTURE_INIT sent (msg #1)
[NET] STATECAPTURE_INIT

╔════════════════════════════════════════════════════════════════════╗
║ [SENDING] Message Type: MSG_HELLO                                             ║
╚════════════════════════════════════════════════════════════════════╝
  ▼ IDENTITÉ
    • UUID:      f66b4762-c214-41eb-b0be-9d91b3170b6c
    • IP:        192.168.1.184:9000
    • Timestamp: 2026-07-04 04:27:37 (1783135657)
    • Type:      1
    • Role:      3
  ▼ CPU
    • Usage:           29.12%
    • Load Average:    1.93, 2.31, 2.54
    • Cores:           4
    • Threads/Core:    8
    • Frequency:       1313.72 MHz
    • Model:           Intel(R) Core(TM) i7-2820QM CPU @ 2.30GHz
  ▼ MÉMOIRE (RAM)
    • Usage:           81.25%
    • Available:       2976.71 MB
    • Used:            12904 MB
    • Total:           15881 MB
  ▼ DISQUE
    • Usage:           0.00%
    • Used:            543839 MB
    • Total:           599296 MB
    • Mount Point:     /
  ▼ RÉSEAU
    • Bandwidth:       0.00 Mbps
    • Connections:     55
    • Interface:       wlp3s0
  ▼ SYSTÈME
    • Active Processes:    5
    • Context Switch Rate: 0.35/s
    • Uptime:              46305 seconds
    • Is Overloaded:       NO
  ▼ CALCULS
    • Queue Length: 0
    • Score:        0.00
╔════════════════════════════════════════════════════════════════════╗

Waiting for controller's IP reply on port 9001 via message queue...
[INIT] HELLO sent: uuid=f66b4762-c214-41eb-b0be-9d91b3170b6c on interface wlp3s0

--- Controller IP Received ---
Message Type: HELLO
Controll