[SubmittedProg] Starting distributed sum test...
[MasterExec] Sending NODES query with reply address 192.168.1.184:9000 (queue: yXnB4Sw)
[MasterExec] NODES query sent to 192.168.1.199:9000
Deleted queue: yXnB4Sw (id=98348)
[MasterExec] 1 worker(s) available
[MasterExec] WARNING: requested 2 node(s) but only 1 available — proceeding with 1

=================================
NODE 0 ASSIGNMENT DETAILS
=================================
uuid          : 6d1f53ed-5b18-41c8-bb76-55954f2c5ee1
ip            : 192.168.1.151
cpu usage     : 0.54
ram usage     : 62.80
function      : sum_array_worker
nb chunk bytes: 588
param count   : 2
[Team] Thread tid=0 started  function=sum_array_worker  worker=192.168.1.151
[Team] Serialized param chunk size: 588 bytes, contains 2 params
[Team] Thread tid=0 resuming — sending to worker
[Master] Sent CHCK for '1bc65ec2-fd0e-4d89-9cb2-5f5299117e81' to worker 192.168.1.151:9000
[Master] Waiting for CHCK response on queue eWIxNGt...
[Master] CHCK response: NONE
Deleted queue: eWIxNGt (id=98349)
[Team] Program missing on worker, sending source...
[Master] Sent PROG message to worker 192.168.1.151:9000
[Master] Waiting for PROG response on queue oPp1kqi...
[Master] PROG response: task_mq=EJLCy8H
Deleted queue: oPp1kqi (id=98350)
[Team] Sending task to queue: EJLCy8H
[Master] Sent task (function=sum_array_worker) to queue EJLCy8H
[Master] Waiting for task result on queue ElYxD4N...
[Master] Task result: 5050
Deleted queue: ElYxD4N (id=98351)

=================================
AGGREGATED EXECUTION RESULTS
=================================
---------------------------------
FINAL REDUCED RESULT: 5050
=================================

Node 0 partial result: 5050
[SubmittedProg] Done.
