[SubmittedProg] Starting distributed sum test...
[MasterExec] Sending NODES query with reply address 192.168.1.184:9000 (queue: 9PMMfkx)
[MasterExec] NODES query sent to 192.168.1.199:9000
Deleted queue: 9PMMfkx (id=98360)
[MasterExec] 1 worker(s) available
[MasterExec] WARNING: requested 2 node(s) but only 1 available — proceeding with 1

=================================
NODE 0 ASSIGNMENT DETAILS
=================================
uuid          : e3ce58df-0b22-4bf6-8cc9-a5cd6c7a15e9
ip            : 192.168.1.151
cpu usage     : 0.66
ram usage     : 63.82
function      : sum_array_worker
nb chunk bytes: 588
param count   : 2
[Team] Thread tid=0 started  function=sum_array_worker  worker=192.168.1.151
[Team] Serialized param chunk size: 588 bytes, contains 2 params
[Team] Thread tid=0 resuming — sending to worker
[Master] Sent CHCK for 'f9b8d858-8e29-42cf-aa08-59cfa1e6effe' to worker 192.168.1.151:9000
[Master] Waiting for CHCK response on queue vij1Gg4...
[Master] CHCK response: NONE
Deleted queue: vij1Gg4 (id=98361)
[Team] Program missing on worker, sending source...
[Master] Sent PROG message to worker 192.168.1.151:9000
[Master] Waiting for PROG response on queue ugccc48...
[Master] PROG response: task_mq=jtACQH5
Deleted queue: ugccc48 (id=98362)
[Team] Sending task to queue: jtACQH5
[Master] Sent task (function=sum_array_worker) to queue jtACQH5
[Master] Waiting for task result on queue HLW6Mlr...
[Master] Task result: 5050
Deleted queue: HLW6Mlr (id=98363)

=================================
AGGREGATED EXECUTION RESULTS
=================================
---------------------------------
FINAL REDUCED RESULT: 5050
=================================

Node 0 partial result: 5050
[SubmittedProg] Done.
